2025-01-04 20:46:00 | DEBUG | repo=course-sys-int-osgi-seminar | action=pull
2025-10-03 08:16:00 | DEBUG | repo=course-sys-int-osgi-seminar | action=test | passed=true
2025-10-05 18:43:00 | INFO | repo=course-sys-int-osgi-seminar | action=commit
2025-08-15 21:03:00 | INFO | repo=course-sys-int-osgi-seminar | action=commit
2025-11-10 11:42:00 | INFO | repo=course-sys-int-osgi-seminar | action=pull
2025-08-18 09:02:00 | WARN | repo=course-sys-int-osgi-seminar | action=commit
2025-12-02 10:52:00 | WARN | repo=course-sys-int-osgi-seminar | action=commit
2025-02-13 12:19:00 | DEBUG | repo=course-sys-int-osgi-seminar | action=commit
2025-02-10 18:09:00 | DEBUG | repo=course-sys-int-osgi-seminar | action=test | passed=true
2025-08-26 20:57:00 | WARN | repo=course-sys-int-osgi-seminar | action=commit
2025-06-04 20:57:00 | WARN | repo=course-sys-int-osgi-seminar | action=commit
2025-05-09 07:32:00 | WARN | repo=course-sys-int-osgi-seminar | action=edit | files=1
2025-12-07 14:46:00 | WARN | repo=course-sys-int-osgi-seminar | action=commit
2025-05-18 15:54:00 | DEBUG | repo=course-sys-int-osgi-seminar | action=commit
2025-11-20 21:09:00 | DEBUG | repo=course-sys-int-osgi-seminar | action=commit
2025-11-04 09:05:00 | DEBUG | repo=course-sys-int-osgi-seminar | action=pull
2025-03-16 10:57:00 | WARN | repo=course-sys-int-osgi-seminar | action=commit
2025-05-07 08:02:00 | WARN | repo=course-sys-int-osgi-seminar | action=commit
2025-10-10 07:25:00 | DEBUG | repo=course-sys-int-osgi-seminar | action=commit
2025-05-14 19:14:00 | WARN | repo=course-sys-int-osgi-seminar | action=commit
2025-04-23 14:26:00 | INFO | repo=course-sys-int-osgi-seminar | action=test | passed=true
2025-12-21 20:41:00 | DEBUG | repo=course-sys-int-osgi-seminar | action=commit
2025-05-16 10:46:00 | DEBUG | repo=course-sys-int-osgi-seminar | action=edit | files=3
2025-05-06 20:22:00 | WARN | repo=course-sys-int-osgi-seminar | action=commit
2025-06-21 07:12:00 | WARN | repo=course-sys-int-osgi-seminar | action=commit
2025-11-25 16:44:00 | WARN | repo=course-sys-int-osgi-seminar | action=commit
2025-07-14 21:07:00 | INFO | repo=course-sys-int-osgi-seminar | action=commit
2025-05-06 19:13:00 | DEBUG | repo=course-sys-int-osgi-seminar | action=commit
2025-08-21 20:55:00 | DEBUG | repo=course-sys-int-osgi-seminar | action=commit
2025-01-27 12:04:00 | INFO | repo=course-sys-int-osgi-seminar | action=edit | files=5
2025-03-02 07:14:00 | WARN | repo=course-sys-int-osgi-seminar | action=commit
2025-09-02 21:23:00 | INFO | repo=course-sys-int-osgi-seminar | action=commit
2025-08-28 14:34:00 | WARN | repo=course-sys-int-osgi-seminar | action=commit
2025-12-06 09:13:00 | INFO | repo=course-sys-int-osgi-seminar | action=commit
